---
source: crates/ruff/src/rules/flake8_pyi/mod.rs
expression: diagnostics
---
- kind:
    name: DuplicateTypesInUnion
    body: Duplicate name in union
    suggestion: Remove latter name from union
    fixable: true
  location:
    row: 5
    column: 14
  end_location:
    row: 5
    column: 17
  fix:
    edits:
      - content: ""
        location:
          row: 5
          column: 11
        end_location:
          row: 5
          column: 17
  parent: ~
- kind:
    name: DuplicateTypesInUnion
    body: Duplicate name in union
    suggestion: Remove latter name from union
    fixable: true
  location:
    row: 8
    column: 22
  end_location:
    row: 8
    column: 25
  fix:
    edits:
      - content: ""
        location:
          row: 8
          column: 19
        end_location:
          row: 8
          column: 25
  parent: ~
- kind:
    name: DuplicateTypesInUnion
    body: Duplicate name in union
    suggestion: Remove latter name from union
    fixable: true
  location:
    row: 12
    column: 21
  end_location:
    row: 12
    column: 24
  fix:
    edits:
      - content: ""
        location:
          row: 12
          column: 18
        end_location:
          row: 12
          column: 24
  parent: ~
- kind:
    name: DuplicateTypesInUnion
    body: Duplicate name in union
    suggestion: Remove latter name from union
    fixable: true
  location:
    row: 16
    column: 14
  end_location:
    row: 16
    column: 17
  fix:
    edits:
      - content: ""
        location:
          row: 16
          column: 11
        end_location:
          row: 16
          column: 17
  parent: ~
- kind:
    name: DuplicateTypesInUnion
    body: Duplicate name in union
    suggestion: Remove latter name from union
    fixable: true
  location:
    row: 17
    column: 14
  end_location:
    row: 17
    column: 17
  fix:
    edits:
      - content: ""
        location:
          row: 17
          column: 11
        end_location:
          row: 17
          column: 17
  parent: ~
- kind:
    name: DuplicateTypesInUnion
    body: Duplicate name in union
    suggestion: Remove latter name from union
    fixable: true
  location:
    row: 18
    column: 20
  end_location:
    row: 18
    column: 23
  fix:
    edits:
      - content: ""
        location:
          row: 18
          column: 17
        end_location:
          row: 18
          column: 23
  parent: ~
- kind:
    name: DuplicateTypesInUnion
    body: Duplicate name in union
    suggestion: Remove latter name from union
    fixable: true
  location:
    row: 19
    column: 27
  end_location:
    row: 19
    column: 30
  fix:
    edits:
      - content: ""
        location:
          row: 19
          column: 24
        end_location:
          row: 19
          column: 30
  parent: ~

